// Jest Snapshot v1, https://goo.gl/fbAQLP

exports[`Index should match the snapshot 1`] = `
<h1
  className="h1"
  data-testid="title"
>
  Hello
   
  Prottay Rudra
</h1>
`;
